
  .   ____          _            __ _ _
 /\\ / ___'_ __ _ _(_)_ __  __ _ \ \ \ \
( ( )\___ | '_ | '_| | '_ \/ _` | \ \ \ \
 \\/  ___)| |_)| | | | | || (_| |  ) ) ) )
  '  |____| .__|_| |_|_| |_\__, | / / / /
 =========|_|==============|___/=/_/_/_/

 :: Spring Boot ::                (v4.0.1)

2025-12-23T04:36:46.782+06:00  INFO 7296 --- [spring-boot-ai] [           main] com.puspo.demo.SpringBootAiApplication   : Starting SpringBootAiApplication v0.0.1-SNAPSHOT using Java 17.0.17 with PID 7296 (/Users/puspo/MLPython/StudentPassFail/demo/target/demo-0.0.1-SNAPSHOT.jar started by puspo in /Users/puspo/MLPython/StudentPassFail/demo)
2025-12-23T04:36:46.785+06:00  INFO 7296 --- [spring-boot-ai] [           main] com.puspo.demo.SpringBootAiApplication   : No active profile set, falling back to 1 default profile: "default"
2025-12-23T04:36:47.034+06:00  INFO 7296 --- [spring-boot-ai] [           main] com.puspo.demo.SpringBootAiApplication   : Started SpringBootAiApplication in 0.455 seconds (process running for 0.702)

  .   ____          _            __ _ _
 /\\ / ___'_ __ _ _(_)_ __  __ _ \ \ \ \
( ( )\___ | '_ | '_| | '_ \/ _` | \ \ \ \
 \\/  ___)| |_)| | | | | || (_| |  ) ) ) )
  '  |____| .__|_| |_|_| |_\__, | / / / /
 =========|_|==============|___/=/_/_/_/

 :: Spring Boot ::                (v4.0.1)

2025-12-23T04:36:54.911+06:00  INFO 7312 --- [spring-boot-ai] [           main] com.puspo.demo.SpringBootAiApplication   : Starting SpringBootAiApplication v0.0.1-SNAPSHOT using Java 17.0.17 with PID 7312 (/Users/puspo/MLPython/StudentPassFail/demo/target/demo-0.0.1-SNAPSHOT.jar started by puspo in /Users/puspo/MLPython/StudentPassFail/demo)
2025-12-23T04:36:54.913+06:00  INFO 7312 --- [spring-boot-ai] [           main] com.puspo.demo.SpringBootAiApplication   : No active profile set, falling back to 1 default profile: "default"
2025-12-23T04:36:55.196+06:00  INFO 7312 --- [spring-boot-ai] [           main] com.puspo.demo.SpringBootAiApplication   : Started SpringBootAiApplication in 0.504 seconds (process running for 0.754)
